The user aborted a request.

Retrying 1/3...
The user aborted a request.

Retrying 1/3...
The user aborted a request.

Retrying 1/3...
 ⨯ Error: Cannot find module './8948.js'
Require stack:
- C:\Users\hp\Desktop\united standard international bank\usib-frontend\.next\server\webpack-runtime.js
- C:\Users\hp\Desktop\united standard international bank\usib-frontend\.next\server\app\_not-found\page.js
- C:\Users\hp\Desktop\united standard international bank\usib-frontend\node_modules\next\dist\server\require.js
- C:\Users\hp\Desktop\united standard international bank\usib-frontend\node_modules\next\dist\server\load-components.js
- C:\Users\hp\Desktop\united standard international bank\usib-frontend\node_modules\next\dist\build\utils.js
- C:\Users\hp\Desktop\united standard international bank\usib-frontend\node_modules\next\dist\server\dev\hot-middleware.js
- C:\Users\hp\Desktop\united standard international bank\usib-frontend\node_modules\next\dist\server\dev\hot-reloader-webpack.js
- C:\Users\hp\Desktop\united standard international bank\usib-frontend\node_modules\next\dist\server\lib\router-utils\setup-dev-bundler.js
- C:\Users\hp\Desktop\united standard international bank\usib-frontend\node_modules\next\dist\server\lib\router-server.js
- C:\Users\hp\Desktop\united standard international bank\usib-frontend\node_modules\next\dist\server\lib\start-server.js
    at Module.<anonymous> (node:internal/modules/cjs/loader:1448:15)
    at C:\Users\hp\Desktop\united standard international bank\usib-frontend\node_modules\next\dist\server\require-hook.js:55:36
    at defaultResolveImpl (node:internal/modules/cjs/loader:1059:19)
    at resolveForCJSWithHooks (node:internal/modules/cjs/loader:1064:22)
    at Module._load (node:internal/modules/cjs/loader:1234:25)
    at TracingChannel.traceSync (node:diagnostics_channel:328:14)
    at wrapModuleLoad (node:internal/modules/cjs/loader:245:24)
    at Module.<anonymous> (node:internal/modules/cjs/loader:1548:12)
    at mod.require (C:\Users\hp\Desktop\united standard international bank\usib-frontend\node_modules\next\dist\server\require-hook.js:65:28)
    at require (node:internal/modules/helpers:152:16)
    at __webpack_require__.f.require (C:\Users\hp\Desktop\united standard international bank\usib-frontend\.next\server\webpack-runtime.js:203:28)
    at C:\Users\hp\Desktop\united standard international bank\usib-frontend\.next\server\webpack-runtime.js:111:40
    at Array.reduce (<anonymous>)
    at __webpack_require__.e (C:\Users\hp\Desktop\united standard international bank\usib-frontend\.next\server\webpack-runtime.js:110:67)
    at Array.map (<anonymous>)
    at __webpack_require__.X (C:\Users\hp\Desktop\united standard international bank\usib-frontend\.next\server\webpack-runtime.js:162:22)
    at C:\Users\hp\Desktop\united standard international bank\usib-frontend\.next\server\app\_not-found\page.js:1:4657
    at Object.<anonymous> (C:\Users\hp\Desktop\united standard international bank\usib-frontend\.next\server\app\_not-found\page.js:1:4704)
    at Module._compile (node:internal/modules/cjs/loader:1804:14)
    at Object..js (node:internal/modules/cjs/loader:1936:10)
    at Module.load (node:internal/modules/cjs/loader:1525:32)
    at Module._load (node:internal/modules/cjs/loader:1327:12)
    at TracingChannel.traceSync (node:diagnostics_channel:328:14)
    at wrapModuleLoad (node:internal/modules/cjs/loader:245:24)
    at Module.<anonymous> (node:internal/modules/cjs/loader:1548:12)
    at mod.require (C:\Users\hp\Desktop\united standard international bank\usib-frontend\node_modules\next\dist\server\require-hook.js:65:28)
    at require (node:internal/modules/helpers:152:16)
    at requirePage (C:\Users\hp\Desktop\united standard international bank\usib-frontend\node_modules\next\dist\server\require.js:109:84)
    at C:\Users\hp\Desktop\united standard international bank\usib-frontend\node_modules\next\dist\server\load-components.js:103:84
    at async loadComponentsImpl (C:\Users\hp\Desktop\united standard international bank\usib-frontend\node_modules\next\dist\server\load-components.js:103:26)
    at async DevServer.findPageComponentsImpl (C:\Users\hp\Desktop\united standard international bank\usib-frontend\node_modules\next\dist\server\next-server.js:714:36)
    at async DevServer.findPageComponents (C:\Users\hp\Desktop\united standard international bank\usib-frontend\node_modules\next\dist\server\dev\next-dev-server.js:577:20)
    at async DevServer.renderErrorToResponseImpl (C:\Users\hp\Desktop\united standard international bank\usib-frontend\node_modules\next\dist\server\base-server.js:2090:30)
    at async pipe.req.req (C:\Users\hp\Desktop\united standard international bank\usib-frontend\node_modules\next\dist\server\base-server.js:2056:30)
    at async DevServer.pipeImpl (C:\Users\hp\Desktop\united standard international bank\usib-frontend\node_modules\next\dist\server\base-server.js:922:25)
    at async C:\Users\hp\Desktop\united standard international bank\usib-frontend\node_modules\next\dist\server\dev\next-dev-server.js:339:20
    at async Span.traceAsyncFn (C:\Users\hp\Desktop\united standard international bank\usib-frontend\node_modules\next\dist\trace\trace.js:154:20)
    at async DevServer.handleRequest (C:\Users\hp\Desktop\united standard international bank\usib-frontend\node_modules\next\dist\server\dev\next-dev-server.js:336:24)
    at async invokeRender (C:\Users\hp\Desktop\united standard international bank\usib-frontend\node_modules\next\dist\server\lib\router-server.js:179:21)
    at async handleRequest (C:\Users\hp\Desktop\united standard international bank\usib-frontend\node_modules\next\dist\server\lib\router-server.js:374:24)
    at async requestHandlerImpl (C:\Users\hp\Desktop\united standard international bank\usib-frontend\node_modules\next\dist\server\lib\router-server.js:383:13)
    at async Server.requestListener (C:\Users\hp\Desktop\united standard international bank\usib-frontend\node_modules\next\dist\server\lib\start-server.js:141:13) {
  code: 'MODULE_NOT_FOUND',
  requireStack: [
    'C:\\Users\\hp\\Desktop\\united standard international bank\\usib-frontend\\.next\\server\\webpack-runtime.js',
    'C:\\Users\\hp\\Desktop\\united standard international bank\\usib-frontend\\.next\\server\\app\\_not-found\\page.js',
    'C:\\Users\\hp\\Desktop\\united standard international bank\\usib-frontend\\node_modules\\next\\dist\\server\\require.js',
    'C:\\Users\\hp\\Desktop\\united standard international bank\\usib-frontend\\node_modules\\next\\dist\\server\\load-components.js',
    'C:\\Users\\hp\\Desktop\\united standard international bank\\usib-frontend\\node_modules\\next\\dist\\build\\utils.js',
    'C:\\Users\\hp\\Desktop\\united standard international bank\\usib-frontend\\node_modules\\next\\dist\\server\\dev\\hot-middleware.js',
    'C:\\Users\\hp\\Desktop\\united standard international bank\\usib-frontend\\node_modules\\next\\dist\\server\\dev\\hot-reloader-webpack.js',
    'C:\\Users\\hp\\Desktop\\united standard international bank\\usib-frontend\\node_modules\\next\\dist\\server\\lib\\router-utils\\setup-dev-bundler.js',
    'C:\\Users\\hp\\Desktop\\united standard international bank\\usib-frontend\\node_modules\\next\\dist\\server\\lib\\router-server.js',
    'C:\\Users\\hp\\Desktop\\united standard international bank\\usib-frontend\\node_modules\\next\\dist\\server\\lib\\start-server.js'
  ]
}
 ⨯ Error: Cannot find module './8948.js'
Require stack:
- C:\Users\hp\Desktop\united standard international bank\usib-frontend\.next\server\webpack-runtime.js
- C:\Users\hp\Desktop\united standard international bank\usib-frontend\.next\server\app\_not-found\page.js
- C:\Users\hp\Desktop\united standard international bank\usib-frontend\node_modules\next\dist\server\require.js
- C:\Users\hp\Desktop\united standard international bank\usib-frontend\node_modules\next\dist\server\load-components.js
- C:\Users\hp\Desktop\united standard international bank\usib-frontend\node_modules\next\dist\build\utils.js
- C:\Users\hp\Desktop\united standard international bank\usib-frontend\node_modules\next\dist\server\dev\hot-middleware.js
- C:\Users\hp\Desktop\united standard international bank\usib-frontend\node_modules\next\dist\server\dev\hot-reloader-webpack.js
- C:\Users\hp\Desktop\united standard international bank\usib-frontend\node_modules\next\dist\server\lib\router-utils\setup-dev-bundler.js
- C:\Users\hp\Desktop\united standard international bank\usib-frontend\node_modules\next\dist\server\lib\router-server.js
- C:\Users\hp\Desktop\united standard international bank\usib-frontend\node_modules\next\dist\server\lib\start-server.js
    at Module.<anonymous> (node:internal/modules/cjs/loader:1448:15)
    at C:\Users\hp\Desktop\united standard international bank\usib-frontend\node_modules\next\dist\server\require-hook.js:55:36
    at defaultResolveImpl (node:internal/modules/cjs/loader:1059:19)
    at resolveForCJSWithHooks (node:internal/modules/cjs/loader:1064:22)
    at Module._load (node:internal/modules/cjs/loader:1234:25)
    at TracingChannel.traceSync (node:diagnostics_channel:328:14)
    at wrapModuleLoad (node:internal/modules/cjs/loader:245:24)
    at Module.<anonymous> (node:internal/modules/cjs/loader:1548:12)
    at mod.require (C:\Users\hp\Desktop\united standard international bank\usib-frontend\node_modules\next\dist\server\require-hook.js:65:28)
    at require (node:internal/modules/helpers:152:16)
    at __webpack_require__.f.require (C:\Users\hp\Desktop\united standard international bank\usib-frontend\.next\server\webpack-runtime.js:203:28)
    at C:\Users\hp\Desktop\united standard international bank\usib-frontend\.next\server\webpack-runtime.js:111:40
    at Array.reduce (<anonymous>)
    at __webpack_require__.e (C:\Users\hp\Desktop\united standard international bank\usib-frontend\.next\server\webpack-runtime.js:110:67)
    at Array.map (<anonymous>)
    at __webpack_require__.X (C:\Users\hp\Desktop\united standard international bank\usib-frontend\.next\server\webpack-runtime.js:162:22)
    at C:\Users\hp\Desktop\united standard international bank\usib-frontend\.next\server\app\_not-found\page.js:1:4657
    at Object.<anonymous> (C:\Users\hp\Desktop\united standard international bank\usib-frontend\.next\server\app\_not-found\page.js:1:4704)
    at Module._compile (node:internal/modules/cjs/loader:1804:14)
    at Object..js (node:internal/modules/cjs/loader:1936:10)
    at Module.load (node:internal/modules/cjs/loader:1525:32)
    at Module._load (node:internal/modules/cjs/loader:1327:12)
    at TracingChannel.traceSync (node:diagnostics_channel:328:14)
    at wrapModuleLoad (node:internal/modules/cjs/loader:245:24)
    at Module.<anonymous> (node:internal/modules/cjs/loader:1548:12)
    at mod.require (C:\Users\hp\Desktop\united standard international bank\usib-frontend\node_modules\next\dist\server\require-hook.js:65:28)
    at require (node:internal/modules/helpers:152:16)
    at requirePage (C:\Users\hp\Desktop\united standard international bank\usib-frontend\node_modules\next\dist\server\require.js:109:84)
    at C:\Users\hp\Desktop\united standard international bank\usib-frontend\node_modules\next\dist\server\load-components.js:103:84
    at async loadComponentsImpl (C:\Users\hp\Desktop\united standard international bank\usib-frontend\node_modules\next\dist\server\load-components.js:103:26)
    at async DevServer.findPageComponentsImpl (C:\Users\hp\Desktop\united standard international bank\usib-frontend\node_modules\next\dist\server\next-server.js:714:36)
    at async DevServer.findPageComponents (C:\Users\hp\Desktop\united standard international bank\usib-frontend\node_modules\next\dist\server\dev\next-dev-server.js:577:20)
    at async DevServer.renderErrorToResponseImpl (C:\Users\hp\Desktop\united standard international bank\usib-frontend\node_modules\next\dist\server\base-server.js:2090:30)
    at async pipe.req.req (C:\Users\hp\Desktop\united standard international bank\usib-frontend\node_modules\next\dist\server\base-server.js:2056:30)
    at async DevServer.pipeImpl (C:\Users\hp\Desktop\united standard international bank\usib-frontend\node_modules\next\dist\server\base-server.js:922:25)
    at async C:\Users\hp\Desktop\united standard international bank\usib-frontend\node_modules\next\dist\server\dev\next-dev-server.js:339:20
    at async Span.traceAsyncFn (C:\Users\hp\Desktop\united standard international bank\usib-frontend\node_modules\next\dist\trace\trace.js:154:20)
    at async DevServer.handleRequest (C:\Users\hp\Desktop\united standard international bank\usib-frontend\node_modules\next\dist\server\dev\next-dev-server.js:336:24)
    at async invokeRender (C:\Users\hp\Desktop\united standard international bank\usib-frontend\node_modules\next\dist\server\lib\router-server.js:179:21)
    at async handleRequest (C:\Users\hp\Desktop\united standard international bank\usib-frontend\node_modules\next\dist\server\lib\router-server.js:374:24)
    at async requestHandlerImpl (C:\Users\hp\Desktop\united standard international bank\usib-frontend\node_modules\next\dist\server\lib\router-server.js:383:13)
    at async Server.requestListener (C:\Users\hp\Desktop\united standard international bank\usib-frontend\node_modules\next\dist\server\lib\start-server.js:141:13) {
  code: 'MODULE_NOT_FOUND',
  requireStack: [
    'C:\\Users\\hp\\Desktop\\united standard international bank\\usib-frontend\\.next\\server\\webpack-runtime.js',
    'C:\\Users\\hp\\Desktop\\united standard international bank\\usib-frontend\\.next\\server\\app\\_not-found\\page.js',
    'C:\\Users\\hp\\Desktop\\united standard international bank\\usib-frontend\\node_modules\\next\\dist\\server\\require.js',
    'C:\\Users\\hp\\Desktop\\united standard international bank\\usib-frontend\\node_modules\\next\\dist\\server\\load-components.js',
    'C:\\Users\\hp\\Desktop\\united standard international bank\\usib-frontend\\node_modules\\next\\dist\\build\\utils.js',
    'C:\\Users\\hp\\Desktop\\united standard international bank\\usib-frontend\\node_modules\\next\\dist\\server\\dev\\hot-middleware.js',
    'C:\\Users\\hp\\Desktop\\united standard international bank\\usib-frontend\\node_modules\\next\\dist\\server\\dev\\hot-reloader-webpack.js',
    'C:\\Users\\hp\\Desktop\\united standard international bank\\usib-frontend\\node_modules\\next\\dist\\server\\lib\\router-utils\\setup-dev-bundler.js',
    'C:\\Users\\hp\\Desktop\\united standard international bank\\usib-frontend\\node_modules\\next\\dist\\server\\lib\\router-server.js',
    'C:\\Users\\hp\\Desktop\\united standard international bank\\usib-frontend\\node_modules\\next\\dist\\server\\lib\\start-server.js'
  ]
}
 ⨯ Error: Cannot find module './8948.js'
Require stack:
- C:\Users\hp\Desktop\united standard international bank\usib-frontend\.next\server\webpack-runtime.js
- C:\Users\hp\Desktop\united standard international bank\usib-frontend\.next\server\app\_not-found\page.js
- C:\Users\hp\Desktop\united standard international bank\usib-frontend\node_modules\next\dist\server\require.js
- C:\Users\hp\Desktop\united standard international bank\usib-frontend\node_modules\next\dist\server\load-components.js
- C:\Users\hp\Desktop\united standard international bank\usib-frontend\node_modules\next\dist\build\utils.js
- C:\Users\hp\Desktop\united standard international bank\usib-frontend\node_modules\next\dist\server\dev\hot-middleware.js
- C:\Users\hp\Desktop\united standard international bank\usib-frontend\node_modules\next\dist\server\dev\hot-reloader-webpack.js
- C:\Users\hp\Desktop\united standard international bank\usib-frontend\node_modules\next\dist\server\lib\router-utils\setup-dev-bundler.js
- C:\Users\hp\Desktop\united standard international bank\usib-frontend\node_modules\next\dist\server\lib\router-server.js
- C:\Users\hp\Desktop\united standard international bank\usib-frontend\node_modules\next\dist\server\lib\start-server.js
    at Module.<anonymous> (node:internal/modules/cjs/loader:1448:15)
    at C:\Users\hp\Desktop\united standard international bank\usib-frontend\node_modules\next\dist\server\require-hook.js:55:36
    at defaultResolveImpl (node:internal/modules/cjs/loader:1059:19)
    at resolveForCJSWithHooks (node:internal/modules/cjs/loader:1064:22)
    at Module._load (node:internal/modules/cjs/loader:1234:25)
    at TracingChannel.traceSync (node:diagnostics_channel:328:14)
    at wrapModuleLoad (node:internal/modules/cjs/loader:245:24)
    at Module.<anonymous> (node:internal/modules/cjs/loader:1548:12)
    at mod.require (C:\Users\hp\Desktop\united standard international bank\usib-frontend\node_modules\next\dist\server\require-hook.js:65:28)
    at require (node:internal/modules/helpers:152:16)
    at __webpack_require__.f.require (C:\Users\hp\Desktop\united standard international bank\usib-frontend\.next\server\webpack-runtime.js:203:28)
    at C:\Users\hp\Desktop\united standard international bank\usib-frontend\.next\server\webpack-runtime.js:111:40
    at Array.reduce (<anonymous>)
    at __webpack_require__.e (C:\Users\hp\Desktop\united standard international bank\usib-frontend\.next\server\webpack-runtime.js:110:67)
    at Array.map (<anonymous>)
    at __webpack_require__.X (C:\Users\hp\Desktop\united standard international bank\usib-frontend\.next\server\webpack-runtime.js:162:22)
    at C:\Users\hp\Desktop\united standard international bank\usib-frontend\.next\server\app\_not-found\page.js:1:4657
    at Object.<anonymous> (C:\Users\hp\Desktop\united standard international bank\usib-frontend\.next\server\app\_not-found\page.js:1:4704)
    at Module._compile (node:internal/modules/cjs/loader:1804:14)
    at Object..js (node:internal/modules/cjs/loader:1936:10)
    at Module.load (node:internal/modules/cjs/loader:1525:32)
    at Module._load (node:internal/modules/cjs/loader:1327:12)
    at TracingChannel.traceSync (node:diagnostics_channel:328:14)
    at wrapModuleLoad (node:internal/modules/cjs/loader:245:24)
    at Module.<anonymous> (node:internal/modules/cjs/loader:1548:12)
    at mod.require (C:\Users\hp\Desktop\united standard international bank\usib-frontend\node_modules\next\dist\server\require-hook.js:65:28)
    at require (node:internal/modules/helpers:152:16)
    at requirePage (C:\Users\hp\Desktop\united standard international bank\usib-frontend\node_modules\next\dist\server\require.js:109:84)
    at C:\Users\hp\Desktop\united standard international bank\usib-frontend\node_modules\next\dist\server\load-components.js:103:84
    at async loadComponentsImpl (C:\Users\hp\Desktop\united standard international bank\usib-frontend\node_modules\next\dist\server\load-components.js:103:26)
    at async DevServer.findPageComponentsImpl (C:\Users\hp\Desktop\united standard international bank\usib-frontend\node_modules\next\dist\server\next-server.js:714:36)
    at async DevServer.findPageComponents (C:\Users\hp\Desktop\united standard international bank\usib-frontend\node_modules\next\dist\server\dev\next-dev-server.js:577:20)
    at async DevServer.renderErrorToResponseImpl (C:\Users\hp\Desktop\united standard international bank\usib-frontend\node_modules\next\dist\server\base-server.js:2090:30)
    at async pipe.req.req (C:\Users\hp\Desktop\united standard international bank\usib-frontend\node_modules\next\dist\server\base-server.js:2056:30)
    at async DevServer.pipeImpl (C:\Users\hp\Desktop\united standard international bank\usib-frontend\node_modules\next\dist\server\base-server.js:922:25)
    at async C:\Users\hp\Desktop\united standard international bank\usib-frontend\node_modules\next\dist\server\dev\next-dev-server.js:339:20
    at async Span.traceAsyncFn (C:\Users\hp\Desktop\united standard international bank\usib-frontend\node_modules\next\dist\trace\trace.js:154:20)
    at async DevServer.handleRequest (C:\Users\hp\Desktop\united standard international bank\usib-frontend\node_modules\next\dist\server\dev\next-dev-server.js:336:24)
    at async invokeRender (C:\Users\hp\Desktop\united standard international bank\usib-frontend\node_modules\next\dist\server\lib\router-server.js:179:21)
    at async handleRequest (C:\Users\hp\Desktop\united standard international bank\usib-frontend\node_modules\next\dist\server\lib\router-server.js:374:24)
    at async requestHandlerImpl (C:\Users\hp\Desktop\united standard international bank\usib-frontend\node_modules\next\dist\server\lib\router-server.js:383:13)
    at async Server.requestListener (C:\Users\hp\Desktop\united standard international bank\usib-frontend\node_modules\next\dist\server\lib\start-server.js:141:13) {
  code: 'MODULE_NOT_FOUND',
  requireStack: [
    'C:\\Users\\hp\\Desktop\\united standard international bank\\usib-frontend\\.next\\server\\webpack-runtime.js',
    'C:\\Users\\hp\\Desktop\\united standard international bank\\usib-frontend\\.next\\server\\app\\_not-found\\page.js',
    'C:\\Users\\hp\\Desktop\\united standard international bank\\usib-frontend\\node_modules\\next\\dist\\server\\require.js',
    'C:\\Users\\hp\\Desktop\\united standard international bank\\usib-frontend\\node_modules\\next\\dist\\server\\load-components.js',
    'C:\\Users\\hp\\Desktop\\united standard international bank\\usib-frontend\\node_modules\\next\\dist\\build\\utils.js',
    'C:\\Users\\hp\\Desktop\\united standard international bank\\usib-frontend\\node_modules\\next\\dist\\server\\dev\\hot-middleware.js',
    'C:\\Users\\hp\\Desktop\\united standard international bank\\usib-frontend\\node_modules\\next\\dist\\server\\dev\\hot-reloader-webpack.js',
    'C:\\Users\\hp\\Desktop\\united standard international bank\\usib-frontend\\node_modules\\next\\dist\\server\\lib\\router-utils\\setup-dev-bundler.js',
    'C:\\Users\\hp\\Desktop\\united standard international bank\\usib-frontend\\node_modules\\next\\dist\\server\\lib\\router-server.js',
    'C:\\Users\\hp\\Desktop\\united standard international bank\\usib-frontend\\node_modules\\next\\dist\\server\\lib\\start-server.js'
  ]
}
<w> [webpack.cache.PackFileCacheStrategy] Caching failed for pack: Error: ENOENT: no such file or directory, rename 'C:\Users\hp\Desktop\united standard international bank\usib-frontend\.next\cache\webpack\client-development-fallback\0.pack.gz_' -> 'C:\Users\hp\Desktop\united standard international bank\usib-frontend\.next\cache\webpack\client-development-fallback\0.pack.gz'
<w> [webpack.cache.PackFileCacheStrategy] Caching failed for pack: Error: ENOENT: no such file or directory, rename 'C:\Users\hp\Desktop\united standard international bank\usib-frontend\.next\cache\webpack\client-development-fallback\0.pack.gz_' -> 'C:\Users\hp\Desktop\united standard international bank\usib-frontend\.next\cache\webpack\client-development-fallback\0.pack.gz'
<w> [webpack.cache.PackFileCacheStrategy] Caching failed for pack: Error: ENOENT: no such file or directory, lstat 'C:\Users\hp\Desktop\united standard international bank\usib-frontend\.next\server\vendor-chunks\clsx.js'
<w> [webpack.cache.PackFileCacheStrategy/webpack.FileSystemInfo] Resolving './vendor-chunks/clsx' in C:\Users\hp\Desktop\united standard international bank\usib-frontend\.next\server for build dependencies doesn't lead to expected result 'C:\Users\hp\Desktop\united standard international bank\usib-frontend\.next\server\vendor-chunks\clsx.js', but to 'Error: Can't resolve './vendor-chunks/clsx' in 'C:\Users\hp\Desktop\united standard international bank\usib-frontend\.next\server'' instead. Resolving dependencies are ignored for this path.
<w>  at resolve commonjs file ./vendor-chunks/clsx (expected C:\Users\hp\Desktop\united standard international bank\usib-frontend\.next\server\vendor-chunks\clsx.js)
<w>  at file dependencies C:\Users\hp\Desktop\united standard international bank\usib-frontend\.next\server\webpack-runtime.js
<w>  at file C:\Users\hp\Desktop\united standard international bank\usib-frontend\.next\server\webpack-runtime.js
<w>  at file dependencies C:\Users\hp\Desktop\united standard international bank\usib-frontend\.next\server\app\_not-found\page.js
<w>  at file C:\Users\hp\Desktop\united standard international bank\usib-frontend\.next\server\app\_not-found\page.js
<w>  at file dependencies C:\Users\hp\Desktop\united standard international bank\usib-frontend\node_modules\next\dist\server\require.js
<w>  at file C:\Users\hp\Desktop\united standard international bank\usib-frontend\node_modules\next\dist\server\require.js
<w>  at file dependencies C:\Users\hp\Desktop\united standard international bank\usib-frontend\node_modules\next\dist\server\load-components.js
<w>  at file C:\Users\hp\Desktop\united standard international bank\usib-frontend\node_modules\next\dist\server\load-components.js
<w>  at file dependencies C:\Users\hp\Desktop\united standard international bank\usib-frontend\node_modules\next\dist\build\utils.js
<w>  at file C:\Users\hp\Desktop\united standard international bank\usib-frontend\node_modules\next\dist\build\utils.js
<w>  at file dependencies C:\Users\hp\Desktop\united standard international bank\usib-frontend\node_modules\next\dist\build\webpack\loaders\next-route-loader\index.js
<w>  at file C:\Users\hp\Desktop\united standard international bank\usib-frontend\node_modules\next\dist\build\webpack\loaders\next-route-loader\index.js
<w>  at resolve commonjs C:\Users\hp\Desktop\united standard international bank\usib-frontend\node_modules\next\dist\build\webpack\loaders\next-route-loader\index.js
<w> [webpack.cache.PackFileCacheStrategy/webpack.FileSystemInfo] Resolving './vendor-chunks/class-variance-authority' in C:\Users\hp\Desktop\united standard international bank\usib-frontend\.next\server for build dependencies doesn't lead to expected result 'C:\Users\hp\Desktop\united standard international bank\usib-frontend\.next\server\vendor-chunks\class-variance-authority.js', but to 'Error: Can't resolve './vendor-chunks/class-variance-authority' in 'C:\Users\hp\Desktop\united standard international bank\usib-frontend\.next\server'' instead. Resolving dependencies are ignored for this path.
<w>  at resolve commonjs file ./vendor-chunks/class-variance-authority (expected C:\Users\hp\Desktop\united standard international bank\usib-frontend\.next\server\vendor-chunks\class-variance-authority.js)
<w>  at file dependencies C:\Users\hp\Desktop\united standard international bank\usib-frontend\.next\server\webpack-runtime.js
<w>  at file C:\Users\hp\Desktop\united standard international bank\usib-frontend\.next\server\webpack-runtime.js
<w>  at file dependencies C:\Users\hp\Desktop\united standard international bank\usib-frontend\.next\server\app\_not-found\page.js
<w>  at file C:\Users\hp\Desktop\united standard international bank\usib-frontend\.next\server\app\_not-found\page.js
<w>  at file dependencies C:\Users\hp\Desktop\united standard international bank\usib-frontend\node_modules\next\dist\server\require.js
<w>  at file C:\Users\hp\Desktop\united standard international bank\usib-frontend\node_modules\next\dist\server\require.js
<w>  at file dependencies C:\Users\hp\Desktop\united standard international bank\usib-frontend\node_modules\next\dist\server\load-components.js
<w>  at file C:\Users\hp\Desktop\united standard international bank\usib-frontend\node_modules\next\dist\server\load-components.js
<w>  at file dependencies C:\Users\hp\Desktop\united standard international bank\usib-frontend\node_modules\next\dist\build\utils.js
<w>  at file C:\Users\hp\Desktop\united standard international bank\usib-frontend\node_modules\next\dist\build\utils.js
<w>  at file dependencies C:\Users\hp\Desktop\united standard international bank\usib-frontend\node_modules\next\dist\build\webpack\loaders\next-route-loader\index.js
<w>  at file C:\Users\hp\Desktop\united standard international bank\usib-frontend\node_modules\next\dist\build\webpack\loaders\next-route-loader\index.js
<w>  at resolve commonjs C:\Users\hp\Desktop\united standard international bank\usib-frontend\node_modules\next\dist\build\webpack\loaders\next-route-loader\index.js
<w> [webpack.cache.PackFileCacheStrategy/webpack.FileSystemInfo] Resolving './vendor-chunks/tailwind-merge' in C:\Users\hp\Desktop\united standard international bank\usib-frontend\.next\server for build dependencies doesn't lead to expected result 'C:\Users\hp\Desktop\united standard international bank\usib-frontend\.next\server\vendor-chunks\tailwind-merge.js', but to 'Error: Can't resolve './vendor-chunks/tailwind-merge' in 'C:\Users\hp\Desktop\united standard international bank\usib-frontend\.next\server'' instead. Resolving dependencies are ignored for this path.
<w>  at resolve commonjs file ./vendor-chunks/tailwind-merge (expected C:\Users\hp\Desktop\united standard international bank\usib-frontend\.next\server\vendor-chunks\tailwind-merge.js)
<w>  at file dependencies C:\Users\hp\Desktop\united standard international bank\usib-frontend\.next\server\webpack-runtime.js
<w>  at file C:\Users\hp\Desktop\united standard international bank\usib-frontend\.next\server\webpack-runtime.js
<w>  at file dependencies C:\Users\hp\Desktop\united standard international bank\usib-frontend\.next\server\app\_not-found\page.js
<w>  at file C:\Users\hp\Desktop\united standard international bank\usib-frontend\.next\server\app\_not-found\page.js
<w>  at file dependencies C:\Users\hp\Desktop\united standard international bank\usib-frontend\node_modules\next\dist\server\require.js
<w>  at file C:\Users\hp\Desktop\united standard international bank\usib-frontend\node_modules\next\dist\server\require.js
<w>  at file dependencies C:\Users\hp\Desktop\united standard international bank\usib-frontend\node_modules\next\dist\server\load-components.js
<w>  at file C:\Users\hp\Desktop\united standard international bank\usib-frontend\node_modules\next\dist\server\load-components.js
<w>  at file dependencies C:\Users\hp\Desktop\united standard international bank\usib-frontend\node_modules\next\dist\build\utils.js
<w>  at file C:\Users\hp\Desktop\united standard international bank\usib-frontend\node_modules\next\dist\build\utils.js
<w>  at file dependencies C:\Users\hp\Desktop\united standard international bank\usib-frontend\node_modules\next\dist\build\webpack\loaders\next-route-loader\index.js
<w>  at file C:\Users\hp\Desktop\united standard international bank\usib-frontend\node_modules\next\dist\build\webpack\loaders\next-route-loader\index.js
<w>  at resolve commonjs C:\Users\hp\Desktop\united standard international bank\usib-frontend\node_modules\next\dist\build\webpack\loaders\next-route-loader\index.js
<w> [webpack.cache.PackFileCacheStrategy/webpack.FileSystemInfo] Resolving './vendor-chunks/next-themes' in C:\Users\hp\Desktop\united standard international bank\usib-frontend\.next\server for build dependencies doesn't lead to expected result 'C:\Users\hp\Desktop\united standard international bank\usib-frontend\.next\server\vendor-chunks\next-themes.js', but to 'Error: Can't resolve './vendor-chunks/next-themes' in 'C:\Users\hp\Desktop\united standard international bank\usib-frontend\.next\server'' instead. Resolving dependencies are ignored for this path.
<w>  at resolve commonjs file ./vendor-chunks/next-themes (expected C:\Users\hp\Desktop\united standard international bank\usib-frontend\.next\server\vendor-chunks\next-themes.js)
<w>  at file dependencies C:\Users\hp\Desktop\united standard international bank\usib-frontend\.next\server\webpack-runtime.js
<w>  at file C:\Users\hp\Desktop\united standard international bank\usib-frontend\.next\server\webpack-runtime.js
<w>  at file dependencies C:\Users\hp\Desktop\united standard international bank\usib-frontend\.next\server\app\_not-found\page.js
<w>  at file C:\Users\hp\Desktop\united standard international bank\usib-frontend\.next\server\app\_not-found\page.js
<w>  at file dependencies C:\Users\hp\Desktop\united standard international bank\usib-frontend\node_modules\next\dist\server\require.js
<w>  at file C:\Users\hp\Desktop\united standard international bank\usib-frontend\node_modules\next\dist\server\require.js
<w>  at file dependencies C:\Users\hp\Desktop\united standard international bank\usib-frontend\node_modules\next\dist\server\load-components.js
<w>  at file C:\Users\hp\Desktop\united standard international bank\usib-frontend\node_modules\next\dist\server\load-components.js
<w>  at file dependencies C:\Users\hp\Desktop\united standard international bank\usib-frontend\node_modules\next\dist\build\utils.js
<w>  at file C:\Users\hp\Desktop\united standard international bank\usib-frontend\node_modules\next\dist\build\utils.js
<w>  at file dependencies C:\Users\hp\Desktop\united standard international bank\usib-frontend\node_modules\next\dist\build\webpack\loaders\next-route-loader\index.js
<w>  at file C:\Users\hp\Desktop\united standard international bank\usib-frontend\node_modules\next\dist\build\webpack\loaders\next-route-loader\index.js
<w>  at resolve commonjs C:\Users\hp\Desktop\united standard international bank\usib-frontend\node_modules\next\dist\build\webpack\loaders\next-route-loader\index.js
